// Jest Snapshot v1, https://goo.gl/fbAQLP

exports[`Subject asdasdadasd 1`] = `Array []`;

exports[`Subject should call addTodo if length of text is greater than 0 1`] = `
Array [
  Object {
    "type": "@subject/GET_ALL_SUBJECT",
  },
]
`;
